[96msrc/components/ui/Input.tsx[0m:[93m4[0m:[93m18[0m - [91merror[0m[90m TS2430: [0mInterface 'InputProps' incorrectly extends interface 'InputHTMLAttributes<HTMLInputElement>'.
  Types of property 'size' are incompatible.
    Type '"sm" | "md" | undefined' is not assignable to type 'number | undefined'.
      Type 'string' is not assignable to type 'number'.

[7m4[0m export interface InputProps extends React.InputHTMLAttributes<HTMLInputElement> {
[7m [0m [91m                 ~~~~~~~~~~[0m

[96msrc/features/athletes/AthleteDetailPage.tsx[0m:[93m5[0m:[93m29[0m - [91merror[0m[90m TS2307: [0mCannot find module '@hookform/resolvers/zod' or its corresponding type declarations.

[7m5[0m import { zodResolver } from '@hookform/resolvers/zod'
[7m [0m [91m                            ~~~~~~~~~~~~~~~~~~~~~~~~~[0m

[96msrc/features/athletes/AthleteNewPage.tsx[0m:[93m4[0m:[93m29[0m - [91merror[0m[90m TS2307: [0mCannot find module '@hookform/resolvers/zod' or its corresponding type declarations.

[7m4[0m import { zodResolver } from '@hookform/resolvers/zod'
[7m [0m [91m                            ~~~~~~~~~~~~~~~~~~~~~~~~~[0m

[96msrc/features/auth/AcceptInvitationPage.tsx[0m:[93m3[0m:[93m29[0m - [91merror[0m[90m TS2307: [0mCannot find module '@hookform/resolvers/zod' or its corresponding type declarations.

[7m3[0m import { zodResolver } from '@hookform/resolvers/zod'
[7m [0m [91m                            ~~~~~~~~~~~~~~~~~~~~~~~~~[0m

[96msrc/features/auth/ForgotPasswordPage.tsx[0m:[93m3[0m:[93m29[0m - [91merror[0m[90m TS2307: [0mCannot find module '@hookform/resolvers/zod' or its corresponding type declarations.

[7m3[0m import { zodResolver } from '@hookform/resolvers/zod'
[7m [0m [91m                            ~~~~~~~~~~~~~~~~~~~~~~~~~[0m

[96msrc/features/auth/LoginPage.tsx[0m:[93m3[0m:[93m29[0m - [91merror[0m[90m TS2307: [0mCannot find module '@hookform/resolvers/zod' or its corresponding type declarations.

[7m3[0m import { zodResolver } from '@hookform/resolvers/zod'
[7m [0m [91m                            ~~~~~~~~~~~~~~~~~~~~~~~~~[0m

[96msrc/features/auth/RegisterPage.tsx[0m:[93m3[0m:[93m29[0m - [91merror[0m[90m TS2307: [0mCannot find module '@hookform/resolvers/zod' or its corresponding type declarations.

[7m3[0m import { zodResolver } from '@hookform/resolvers/zod'
[7m [0m [91m                            ~~~~~~~~~~~~~~~~~~~~~~~~~[0m

[96msrc/features/auth/ResetPasswordPage.tsx[0m:[93m3[0m:[93m29[0m - [91merror[0m[90m TS2307: [0mCannot find module '@hookform/resolvers/zod' or its corresponding type declarations.

[7m3[0m import { zodResolver } from '@hookform/resolvers/zod'
[7m [0m [91m                            ~~~~~~~~~~~~~~~~~~~~~~~~~[0m

[96msrc/features/billing/BillingPage.tsx[0m:[93m17[0m:[93m29[0m - [91merror[0m[90m TS2307: [0mCannot find module '@hookform/resolvers/zod' or its corresponding type declarations.

[7m17[0m import { zodResolver } from '@hookform/resolvers/zod'
[7m  [0m [91m                            ~~~~~~~~~~~~~~~~~~~~~~~~~[0m

[96msrc/features/categories/CategoriesPage.tsx[0m:[93m5[0m:[93m29[0m - [91merror[0m[90m TS2307: [0mCannot find module '@hookform/resolvers/zod' or its corresponding type declarations.

[7m5[0m import { zodResolver } from '@hookform/resolvers/zod'
[7m [0m [91m                            ~~~~~~~~~~~~~~~~~~~~~~~~~[0m

[96msrc/features/categories/CategoryDetailPage.tsx[0m:[93m5[0m:[93m29[0m - [91merror[0m[90m TS2307: [0mCannot find module '@hookform/resolvers/zod' or its corresponding type declarations.

[7m5[0m import { zodResolver } from '@hookform/resolvers/zod'
[7m [0m [91m                            ~~~~~~~~~~~~~~~~~~~~~~~~~[0m

[96msrc/features/expenses/ExpenseDetailPage.tsx[0m:[93m6[0m:[93m29[0m - [91merror[0m[90m TS2307: [0mCannot find module '@hookform/resolvers/zod' or its corresponding type declarations.

[7m6[0m import { zodResolver } from '@hookform/resolvers/zod'
[7m [0m [91m                            ~~~~~~~~~~~~~~~~~~~~~~~~~[0m

[96msrc/features/expenses/ExpensesPage.tsx[0m:[93m6[0m:[93m29[0m - [91merror[0m[90m TS2307: [0mCannot find module '@hookform/resolvers/zod' or its corresponding type declarations.

[7m6[0m import { zodResolver } from '@hookform/resolvers/zod'
[7m [0m [91m                            ~~~~~~~~~~~~~~~~~~~~~~~~~[0m

[96msrc/features/incomes/IncomeDetailPage.tsx[0m:[93m6[0m:[93m29[0m - [91merror[0m[90m TS2307: [0mCannot find module '@hookform/resolvers/zod' or its corresponding type declarations.

[7m6[0m import { zodResolver } from '@hookform/resolvers/zod'
[7m [0m [91m                            ~~~~~~~~~~~~~~~~~~~~~~~~~[0m

[96msrc/features/incomes/IncomePage.tsx[0m:[93m6[0m:[93m29[0m - [91merror[0m[90m TS2307: [0mCannot find module '@hookform/resolvers/zod' or its corresponding type declarations.

[7m6[0m import { zodResolver } from '@hookform/resolvers/zod'
[7m [0m [91m                            ~~~~~~~~~~~~~~~~~~~~~~~~~[0m

[96msrc/features/members/InvitationsNewPage.tsx[0m:[93m5[0m:[93m29[0m - [91merror[0m[90m TS2307: [0mCannot find module '@hookform/resolvers/zod' or its corresponding type declarations.

[7m5[0m import { zodResolver } from '@hookform/resolvers/zod'
[7m [0m [91m                            ~~~~~~~~~~~~~~~~~~~~~~~~~[0m

[96msrc/features/members/MemberDetailPage.tsx[0m:[93m87[0m:[93m47[0m - [91merror[0m[90m TS2322: [0mType '{ src: string | undefined; fallback: string; size: "lg"; }' is not assignable to type 'IntrinsicAttributes & AvatarProps'.
  Property 'fallback' does not exist on type 'IntrinsicAttributes & AvatarProps'.

[7m87[0m             <Avatar src={profile?.avatar_url} fallback={initials} size="lg" />
[7m  [0m [91m                                              ~~~~~~~~[0m

[96msrc/features/members/MembersPage.tsx[0m:[93m105[0m:[93m25[0m - [91merror[0m[90m TS2322: [0mType '{ src: string | undefined; fallback: string; size: "md"; }' is not assignable to type 'IntrinsicAttributes & AvatarProps'.
  Property 'fallback' does not exist on type 'IntrinsicAttributes & AvatarProps'.

[7m105[0m                         fallback={initials}
[7m   [0m [91m                        ~~~~~~~~[0m

[96msrc/features/payments/PaymentReportDetailPage.tsx[0m:[93m5[0m:[93m29[0m - [91merror[0m[90m TS2307: [0mCannot find module '@hookform/resolvers/zod' or its corresponding type declarations.

[7m5[0m import { zodResolver } from '@hookform/resolvers/zod'
[7m [0m [91m                            ~~~~~~~~~~~~~~~~~~~~~~~~~[0m

[96msrc/features/platform/PlatformAcademiesPage.tsx[0m:[93m6[0m:[93m29[0m - [91merror[0m[90m TS2307: [0mCannot find module '@hookform/resolvers/zod' or its corresponding type declarations.

[7m6[0m import { zodResolver } from '@hookform/resolvers/zod'
[7m [0m [91m                            ~~~~~~~~~~~~~~~~~~~~~~~~~[0m

[96msrc/features/platform/PlatformAcademyDetailPage.tsx[0m:[93m6[0m:[93m29[0m - [91merror[0m[90m TS2307: [0mCannot find module '@hookform/resolvers/zod' or its corresponding type declarations.

[7m6[0m import { zodResolver } from '@hookform/resolvers/zod'
[7m [0m [91m                            ~~~~~~~~~~~~~~~~~~~~~~~~~[0m

[96msrc/features/portal/PortalPaymentsPage.tsx[0m:[93m5[0m:[93m29[0m - [91merror[0m[90m TS2307: [0mCannot find module '@hookform/resolvers/zod' or its corresponding type declarations.

[7m5[0m import { zodResolver } from '@hookform/resolvers/zod'
[7m [0m [91m                            ~~~~~~~~~~~~~~~~~~~~~~~~~[0m

[96msrc/features/portal/PortalProfilePage.tsx[0m:[93m4[0m:[93m29[0m - [91merror[0m[90m TS2307: [0mCannot find module '@hookform/resolvers/zod' or its corresponding type declarations.

[7m4[0m import { zodResolver } from '@hookform/resolvers/zod'
[7m [0m [91m                            ~~~~~~~~~~~~~~~~~~~~~~~~~[0m

[96msrc/features/portal/PortalProfilePage.tsx[0m:[93m48[0m:[93m43[0m - [91merror[0m[90m TS2322: [0mType '{ src: string | undefined; fallback: string; size: "lg"; }' is not assignable to type 'IntrinsicAttributes & AvatarProps'.
  Property 'fallback' does not exist on type 'IntrinsicAttributes & AvatarProps'.

[7m48[0m             <Avatar src={user.avatar_url} fallback={getInitials(user.first_name, user.last_name)} size="lg" />
[7m  [0m [91m                                          ~~~~~~~~[0m

[96msrc/features/profile/ProfilePage.tsx[0m:[93m4[0m:[93m29[0m - [91merror[0m[90m TS2307: [0mCannot find module '@hookform/resolvers/zod' or its corresponding type declarations.

[7m4[0m import { zodResolver } from '@hookform/resolvers/zod'
[7m [0m [91m                            ~~~~~~~~~~~~~~~~~~~~~~~~~[0m

[96msrc/features/profile/ProfilePage.tsx[0m:[93m60[0m:[93m45[0m - [91merror[0m[90m TS2322: [0mType '{ src: string | undefined; fallback: string; size: "lg"; }' is not assignable to type 'IntrinsicAttributes & AvatarProps'.
  Property 'fallback' does not exist on type 'IntrinsicAttributes & AvatarProps'.

[7m60[0m               <Avatar src={user.avatar_url} fallback={initials} size="lg" />
[7m  [0m [91m                                            ~~~~~~~~[0m

[96msrc/features/settings/SettingsBrandPage.tsx[0m:[93m4[0m:[93m29[0m - [91merror[0m[90m TS2307: [0mCannot find module '@hookform/resolvers/zod' or its corresponding type declarations.

[7m4[0m import { zodResolver } from '@hookform/resolvers/zod'
[7m [0m [91m                            ~~~~~~~~~~~~~~~~~~~~~~~~~[0m

[96msrc/features/settings/SettingsNotificationsPage.tsx[0m:[93m4[0m:[93m29[0m - [91merror[0m[90m TS2307: [0mCannot find module '@hookform/resolvers/zod' or its corresponding type declarations.

[7m4[0m import { zodResolver } from '@hookform/resolvers/zod'
[7m [0m [91m                            ~~~~~~~~~~~~~~~~~~~~~~~~~[0m

[96msrc/features/settings/SettingsSystemPage.tsx[0m:[93m4[0m:[93m29[0m - [91merror[0m[90m TS2307: [0mCannot find module '@hookform/resolvers/zod' or its corresponding type declarations.

[7m4[0m import { zodResolver } from '@hookform/resolvers/zod'
[7m [0m [91m                            ~~~~~~~~~~~~~~~~~~~~~~~~~[0m

[96msrc/features/tournaments/TournamentsPage.tsx[0m:[93m6[0m:[93m29[0m - [91merror[0m[90m TS2307: [0mCannot find module '@hookform/resolvers/zod' or its corresponding type declarations.

[7m6[0m import { zodResolver } from '@hookform/resolvers/zod'
[7m [0m [91m                            ~~~~~~~~~~~~~~~~~~~~~~~~~[0m

[96msrc/features/trainings/TrainingDetailPage.tsx[0m:[93m5[0m:[93m29[0m - [91merror[0m[90m TS2307: [0mCannot find module '@hookform/resolvers/zod' or its corresponding type declarations.

[7m5[0m import { zodResolver } from '@hookform/resolvers/zod'
[7m [0m [91m                            ~~~~~~~~~~~~~~~~~~~~~~~~~[0m

[96msrc/features/trainings/TrainingsPage.tsx[0m:[93m5[0m:[93m29[0m - [91merror[0m[90m TS2307: [0mCannot find module '@hookform/resolvers/zod' or its corresponding type declarations.

[7m5[0m import { zodResolver } from '@hookform/resolvers/zod'
[7m [0m [91m                            ~~~~~~~~~~~~~~~~~~~~~~~~~[0m

[96msrc/layouts/components/Sidebar.tsx[0m:[93m3[0m:[93m10[0m - [91merror[0m[90m TS2724: [0m'"@/store/uiStore"' has no exported member named 'useUiStore'. Did you mean 'useUIStore'?

[7m3[0m import { useUiStore } from '@/store/uiStore'
[7m [0m [91m         ~~~~~~~~~~[0m

  [96msrc/store/uiStore.ts[0m:[93m17[0m:[93m14[0m
    [7m17[0m export const useUIStore = create<UIState & UIActions>((set) => ({
    [7m  [0m [96m             ~~~~~~~~~~[0m
    'useUIStore' is declared here.

[96msrc/layouts/components/Topbar.tsx[0m:[93m2[0m:[93m10[0m - [91merror[0m[90m TS2724: [0m'"@/store/uiStore"' has no exported member named 'useUiStore'. Did you mean 'useUIStore'?

[7m2[0m import { useUiStore } from '@/store/uiStore'
[7m [0m [91m         ~~~~~~~~~~[0m

  [96msrc/store/uiStore.ts[0m:[93m17[0m:[93m14[0m
    [7m17[0m export const useUIStore = create<UIState & UIActions>((set) => ({
    [7m  [0m [96m             ~~~~~~~~~~[0m
    'useUIStore' is declared here.

[96msrc/lib/api/client.ts[0m:[93m3[0m:[93m30[0m - [91merror[0m[90m TS2339: [0mProperty 'env' does not exist on type 'ImportMeta'.

[7m3[0m const BASE_URL = import.meta.env.VITE_API_BASE_URL || '/api/v1';
[7m [0m [91m                             ~~~[0m


Found 35 errors.

