
> @club-deportivo/server@1.0.0 test
> cross-env NODE_ENV=test cross-env NODE_OPTIONS=--experimental-vm-modules jest --passWithNoTests

node.exe : FAIL tests/app.test.js
En línea: 1 Carácter: 1
+ & "C:\Program Files\nodejs/node.exe" 
"C:\Program Files\nodejs/node_mo ...
+ ~~~~~~~~~~~~~~~~~~~~~~~~~~~~~~~~~~~~~~~~~
~~~~~~~~~~~~~~~~~~~~~~~~~~~~
    + CategoryInfo          : NotSpecified 
   : (FAIL tests/app.test.js:String) [],   
  RemoteException
    + FullyQualifiedErrorId : NativeComman 
   dError
 
  ΓùÅ Test suite failed to run

    Missing required Supabase env vars: 
SUPABASE_URL, SUPABASE_SERVICE_ROLE_KEY, 
SUPABASE_ANON_KEY

    [0m [90m  6 |[39m
     [90m  7 |[39m [36mif[39m 
([33m![39murl [33m||[39m 
[33m![39mserviceKey [33m||[39m 
[33m![39manonKey) {
    [31m[1m>[22m[39m[90m  8 |[39m   
[36mthrow[39m [36mnew[39m 
[33mError[39m([32m'Missing required 
Supabase env vars: SUPABASE_URL, 
SUPABASE_SERVICE_ROLE_KEY, 
SUPABASE_ANON_KEY'[39m)[33m;[39m
     [90m    |[39m         
[31m[1m^[22m[39m
     [90m  9 |[39m }
     [90m 10 |[39m
     [90m 11 |[39m [90m// Service role 
client ΓÇö used server-side only, bypasses 
RLS for admin operations[39m[0m

      at src/config/supabase.js:8:9

Test Suites: 1 failed, 1 total
Tests:       0 total
Snapshots:   0 total
Time:        0.582 s
Ran all test suites.
(node:37504) ExperimentalWarning: VM 
Modules is an experimental feature and 
might change at any time
(Use `node --trace-warnings ...` to show 
where the warning was created)
npm error Lifecycle script `test` failed 
with error:
npm error code 1
npm error path C:\Users\Danie\OneDrive\Escr
itorio\Clubes\server
npm error workspace 
@club-deportivo/server@1.0.0
npm error location C:\Users\Danie\OneDrive\
Escritorio\Clubes\server
npm error command failed
npm error command 
C:\Windows\system32\cmd.exe /d /s /c 
cross-env NODE_ENV=test cross-env 
NODE_OPTIONS=--experimental-vm-modules 
jest --passWithNoTests
